---
source: packages/server/src/artifact/checkin/tests.rs
expression: output
---
dir_01419kh5mw2t22j1gdcmxszbwn5npr5886fg5d412w92a0v4a1g5fg
