---
source: packages/server/tests/checkin.rs
expression: output
---
artifact: dir_01419kh5mw2t22j1gdcmxszbwn5npr5886fg5d412w92a0v4a1g5fg
